============================================
Starting Sling CMS Publisher (Renderer) Instance
============================================
Mode: RENDERER
Port: 8083
Admin URL: http://localhost:8083/cms
Credentials: admin / admin
Renderer JAR: /Users/phoolchandra/projects/sling-org-apache-sling-app-cms/feature/target/org.apache.sling.cms-1.1.9-SNAPSHOT-renderer.jar
============================================

Press Ctrl+C to stop

Bootstrapping Sling CMS Feature Model
[INFO] 
[INFO] Apache Sling Application Launcher
[INFO] ---------------------------------
[INFO] Initializing...
[INFO] Artifact Repositories: [file:///Users/phoolchandra/.m2/repository, https://repo.maven.apache.org/maven2, https://repository.apache.org/content/groups/snapshots]
[INFO] Assembling final feature model...
[INFO] 
[INFO] Assembling launcher...
[INFO] Using 279 local artifacts, 0 cached artifacts, and 1 downloaded artifacts
[INFO] 
[INFO] Starting launcher...
[INFO] Launcher Home: /Users/phoolchandra/projects/sling-org-apache-sling-app-cms/deployment/publisher/launcher
[INFO] Cache Directory: /Users/phoolchandra/projects/sling-org-apache-sling-app-cms/deployment/publisher/launcher/cache
[INFO] 
[INFO] Using framework factory class org.apache.felix.framework.FrameworkFactory
Dec 06, 2025 4:16:11 PM org.apache.aries.spifly.BaseActivator log
INFO: Registered provider org.eclipse.parsson.JsonProviderImpl of service jakarta.json.spi.JsonProvider in bundle org.eclipse.parsson
Dec 06, 2025 4:16:11 PM org.apache.aries.spifly.BaseActivator log
INFO: Registered provider org.eclipse.jetty.http.Http1FieldPreEncoder of service org.eclipse.jetty.http.HttpFieldPreEncoder in bundle org.apache.felix.http.jetty
Dec 06, 2025 4:16:11 PM org.apache.aries.spifly.BaseActivator log
INFO: Registered provider org.eclipse.jetty.http2.hpack.HpackFieldPreEncoder of service org.eclipse.jetty.http.HttpFieldPreEncoder in bundle org.apache.felix.http.jetty
ERROR StatusLogger Log4j2 could not find a logging implementation. Please add log4j-core to the classpath. Using SimpleLogger to log to the console...
Dec 06, 2025 4:16:12 PM org.apache.tika.config.InitializableProblemHandler$3 handleInitializableProblem
WARNING: TIFFImageWriter not loaded. tiff files will not be processed
See https://pdfbox.apache.org/2.0/dependencies.html#jai-image-io
for optional dependencies.
J2KImageReader not loaded. JPEG2000 files will not be processed.
See https://pdfbox.apache.org/2.0/dependencies.html#jai-image-io
for optional dependencies.

Dec 06, 2025 4:16:12 PM org.apache.tika.config.InitializableProblemHandler$3 handleInitializableProblem
WARNING: Tesseract OCR is installed and will be automatically applied to image files unless
you've excluded the TesseractOCRParser from the default parser.
Tesseract may dramatically slow down content extraction (TIKA-2359).
As of Tika 1.15 (and prior versions), Tesseract is automatically called.
In future versions of Tika, users may need to turn the TesseractOCRParser on via TikaConfig.
Dec 06, 2025 4:16:12 PM org.apache.tika.config.InitializableProblemHandler$3 handleInitializableProblem
WARNING: org.xerial's sqlite-jdbc is not loaded.
Please provide the jar on your classpath to parse sqlite files.
See tika-parsers/pom.xml for the correct version.
Dec 06, 2025 4:16:12 PM org.apache.aries.spifly.BaseActivator log
INFO: Registered provider com.ctc.wstx.stax.WstxEventFactory of service javax.xml.stream.XMLEventFactory in bundle com.fasterxml.woodstox.woodstox-core
Dec 06, 2025 4:16:12 PM org.apache.aries.spifly.BaseActivator log
INFO: Registered provider com.ctc.wstx.stax.WstxInputFactory of service javax.xml.stream.XMLInputFactory in bundle com.fasterxml.woodstox.woodstox-core
Dec 06, 2025 4:16:12 PM org.apache.aries.spifly.BaseActivator log
INFO: Registered provider com.ctc.wstx.dtd.DTDSchemaFactory of service org.codehaus.stax2.validation.XMLValidationSchemaFactory in bundle com.fasterxml.woodstox.woodstox-core
Dec 06, 2025 4:16:12 PM org.apache.aries.spifly.BaseActivator log
INFO: Registered provider com.ctc.wstx.msv.RelaxNGSchemaFactory of service org.codehaus.stax2.validation.XMLValidationSchemaFactory in bundle com.fasterxml.woodstox.woodstox-core
Dec 06, 2025 4:16:12 PM org.apache.aries.spifly.BaseActivator log
INFO: Registered provider com.ctc.wstx.msv.W3CSchemaFactory of service org.codehaus.stax2.validation.XMLValidationSchemaFactory in bundle com.fasterxml.woodstox.woodstox-core
Dec 06, 2025 4:16:12 PM org.apache.aries.spifly.BaseActivator log
INFO: Registered provider com.ctc.wstx.stax.WstxOutputFactory of service javax.xml.stream.XMLOutputFactory in bundle com.fasterxml.woodstox.woodstox-core
WARNING: An illegal reflective access operation has occurred
WARNING: Illegal reflective access by org.apache.sling.commons.threads.impl.ThreadLocalCleaner (file:/Users/phoolchandra/.m2/repository/org/apache/sling/org.apache.sling.commons.threads/3.2.22/org.apache.sling.commons.threads-3.2.22.jar) to field java.lang.Thread.threadLocals
WARNING: Please consider reporting this to the maintainers of org.apache.sling.commons.threads.impl.ThreadLocalCleaner
WARNING: Use --illegal-access=warn to enable warnings of further illegal reflective access operations
WARNING: All illegal access operations will be denied in a future release
Dec 06, 2025 4:16:13 PM org.apache.aries.spifly.BaseActivator log
INFO: Registered provider org.apache.groovy.json.DefaultFastStringServiceFactory of service org.apache.groovy.json.FastStringServiceFactory in bundle groovy-json
Dec 06, 2025 4:16:13 PM org.apache.aries.spifly.BaseActivator log
INFO: Registered provider org.codehaus.groovy.jsr223.GroovyScriptEngineFactory of service javax.script.ScriptEngineFactory in bundle groovy-jsr223
Dec 06, 2025 4:16:13 PM org.apache.aries.spifly.BaseActivator log
INFO: Registered provider groovy.junit5.plugin.JUnit5Runner of service org.apache.groovy.plugin.GroovyRunner in bundle groovy-test-junit5
Dec 06, 2025 4:16:13 PM org.apache.aries.spifly.BaseActivator log
INFO: Registered provider org.apache.groovy.plugin.testng.TestNgRunner of service org.apache.groovy.plugin.GroovyRunner in bundle groovy-testng
Warning: Nashorn engine is planned to be removed from a future JDK release
Warning: Nashorn engine is planned to be removed from a future JDK release
Warning: Nashorn engine is planned to be removed from a future JDK release
Warning: Nashorn engine is planned to be removed from a future JDK release
Warning: Nashorn engine is planned to be removed from a future JDK release
ESAPI: WARNING: System property [org.owasp.esapi.opsteam] is not set
ESAPI: WARNING: System property [org.owasp.esapi.devteam] is not set
ESAPI: Attempting to load ESAPI.properties via file I/O.
ESAPI: Attempting to load ESAPI.properties as resource file via file I/O.
ESAPI: Not found in 'org.owasp.esapi.resources' directory or file not readable: /Users/phoolchandra/projects/sling-org-apache-sling-app-cms/deployment/publisher/ESAPI.properties
ESAPI: Not found in SystemResource Directory/resourceDirectory: .esapi/ESAPI.properties
ESAPI: Not found in 'user.home' (/Users/phoolchandra) directory: /Users/phoolchandra/esapi/ESAPI.properties
ESAPI: Loading ESAPI.properties via file I/O failed. Exception was: java.io.FileNotFoundException
ESAPI: Attempting to load ESAPI.properties via the classpath.
ESAPI: SUCCESSFULLY LOADED ESAPI.properties via the CLASSPATH from '/ (root)' using class loader for DefaultSecurityConfiguration class!
ESAPI: SecurityConfiguration for Validator.ConfigurationFile.MultiValued not found in ESAPI.properties. Using default: false
ESAPI: Attempting to load validation.properties via file I/O.
ESAPI: Attempting to load validation.properties as resource file via file I/O.
ESAPI: Not found in 'org.owasp.esapi.resources' directory or file not readable: /Users/phoolchandra/projects/sling-org-apache-sling-app-cms/deployment/publisher/validation.properties
ESAPI: Not found in SystemResource Directory/resourceDirectory: .esapi/validation.properties
ESAPI: Not found in 'user.home' (/Users/phoolchandra) directory: /Users/phoolchandra/esapi/validation.properties
ESAPI: Loading validation.properties via file I/O failed.
ESAPI: Attempting to load validation.properties via the classpath.
ESAPI: SUCCESSFULLY LOADED validation.properties via the CLASSPATH from '/ (root)' using class loader for DefaultSecurityConfiguration class!
[INFO] Framework started
Warning: Nashorn engine is planned to be removed from a future JDK release
Warning: Nashorn engine is planned to be removed from a future JDK release
Warning: Nashorn engine is planned to be removed from a future JDK release
Warning: Nashorn engine is planned to be removed from a future JDK release
Warning: Nashorn engine is planned to be removed from a future JDK release
Warning: Nashorn engine is planned to be removed from a future JDK release
Warning: Nashorn engine is planned to be removed from a future JDK release
Warning: Nashorn engine is planned to be removed from a future JDK release
[INFO] Framework stopped
